  Memory usage: 8%                  IPv4 address for ens18: 172.27.34.100
  Swap usage:   0%


Expanded Security Maintenance for Applications is not enabled.

45 updates can be applied immediately.
To see these additional updates run: apt list --upgradable

Enable ESM Apps to receive additional future security updates.
See https://ubuntu.com/esm or run: sudo pro status


*** System restart required ***
Last login: Tue Dec 23 09:41:26 2025 from 172.16.4.37
sup_wescc@srvappsprod:~$ Welcome to Ubuntu 24.04.3 LTS (GNU/Linux 6.8.0-88-generic x86_64)

 * Documentation:  https://help.ubuntu.com
 * Management:     https://landscape.canonical.com
 * Support:        https://ubuntu.com/pro

 System information as of Tue Dec 23 10:13:15 AM -03 2025

  System load:  0.0                 Processes:              268
  Usage of /:   11.7% of 202.69GB   Users logged in:        1
  Memory usage: 8%                  IPv4 address for ens18: 172.27.34.100
  Swap usage:   0%


Expanded Security Maintenance for Applications is not enabled.

45 updates can be applied immediately.
To see these additional updates run: apt list --upgradable

Enable ESM Apps to receive additional future security updates.
See https://ubuntu.com/esm or run: sudo pro status


*** System restart required ***
Last login: Tue Dec 23 09:56:50 2025 from 172.16.4.37
sup_wescc@srvappsprod:~$ cd /var/www/html/
sup_wescc@srvappsprod:/var/www/html$ cd app-politicall/
sup_wescc@srvappsprod:/var/www/html/app-politicall$ ls
docker-compose.yml  docker-compose.yml_old  uploads
sup_wescc@srvappsprod:/var/www/html/app-politicall$ docker logs --tail 100 politicall
    }
  },
  [Symbol(kMessage)]: "Hostname/IP does not match certificate's altnames: IP: 172.17.0.1 is not in the cert's list: "
}
1:09:17 PM [express] GET /api/admin/settings/budget_ads 500 in 23ms :: {"error":"Hostname/IP does no…
1:09:22 PM [express] GET /api/admin/verify 304 in 3ms :: {"valid":true}
1:09:22 PM [express] GET /api/admin/users 500 in 14ms :: {"error":"Hostname/IP does not match certif…
1:09:22 PM [express] GET /api/leads 500 in 14ms :: {"error":"Hostname/IP does not match certificate'…
1:09:24 PM [express] GET /api/admin/verify 304 in 2ms :: {"valid":true}
1:09:24 PM [express] GET /api/admin/survey-campaigns 500 in 19ms :: {"error":"Hostname/IP does not m…
1:09:24 PM [express] GET /api/leads 500 in 19ms :: {"error":"Hostname/IP does not match certificate'…
Erro ao buscar configuração: ErrorEvent {
  [Symbol(kTarget)]: WebSocket {
    _events: [Object: null prototype] {
      error: [Function],
      message: [Function],
      close: [Function],
      open: [Function]
    },
    _eventsCount: 4,
    _maxListeners: undefined,
    _binaryType: 'arraybuffer',
    _closeCode: 1006,
    _closeFrameReceived: false,
    _closeFrameSent: false,
    _closeMessage: <Buffer >,
    _closeTimer: null,
    _errorEmitted: true,
    _extensions: {},
    _paused: false,
    _protocol: '',
    _readyState: 3,
    _receiver: null,
    _sender: null,
    _socket: null,
    _bufferedAmount: 0,
    _isServer: false,
    _redirects: 0,
    _autoPong: true,
    _url: 'wss://172.17.0.1/v2',
    _req: null,
    [Symbol(shapeMode)]: false,
    [Symbol(kCapture)]: false
  },
  [Symbol(kType)]: 'error',
  [Symbol(kError)]: Error [ERR_TLS_CERT_ALTNAME_INVALID]: Hostname/IP does not match certificate's altnames: IP: 172.17.0.1 is not in the cert's list: 
      at Object.checkServerIdentity (node:tls:316:12)
      at TLSSocket.onConnectSecure (node:_tls_wrap:1687:27)
      at TLSSocket.emit (node:events:524:28)
      at TLSSocket._finishInit (node:_tls_wrap:1076:8)
      at ssl.onhandshakedone (node:_tls_wrap:862:12) {
    code: 'ERR_TLS_CERT_ALTNAME_INVALID',
    reason: "IP: 172.17.0.1 is not in the cert's list: ",
    host: '172.17.0.1',
    cert: {
      subject: [Object: null prototype],
      issuer: [Object: null prototype],
      subjectaltname: 'DNS:peticoesbr.com.br',
      infoAccess: [Object: null prototype],
      ca: false,
      bits: 256,
      pubkey: <Buffer 04 d7 4a 86 c0 f3 63 b3 98 7a b2 c8 42 81 d1 20 81 82 5a 0a ca 1d 9a 6d 68 ce a7 3f 40 25 72 11 6d 9f 68 07 3d 85 86 53 71 d3 de 85 14 0f 20 41 50 af ... 15 more bytes>,
      asn1Curve: 'prime256v1',
      nistCurve: 'P-256',
      valid_from: 'Dec  2 22:18:28 2025 GMT',
      valid_to: 'Mar  2 22:18:27 2026 GMT',
      fingerprint: 'F7:8F:83:D7:3A:E4:86:14:53:85:05:84:97:71:21:16:97:8D:C2:6C',
      fingerprint256: '47:82:99:FF:86:0C:80:09:B4:50:9F:34:16:52:85:35:74:84:D2:08:54:67:C7:61:AF:A4:22:49:BE:51:96:19',
      fingerprint512: '85:81:2B:F7:A9:F8:05:1E:2F:5A:D9:03:16:52:A8:4E:32:A4:57:DD:2F:EF:61:7B:F5:5B:B9:39:3A:E3:AD:76:FA:9E:13:FF:8A:19:27:9A:D8:AA:9C:A2:F5:9F:67:FE:85:07:B5:5D:B0:84:82:A4:CE:C8:6A:54:0F:AA:58:04',
      ext_key_usage: [Array],
      serialNumber: '06EAD170ED9F4D40749704517D1E0ED67E3E',
      raw: <Buffer 30 82 03 90 30 82 03 15 a0 03 02 01 02 02 12 06 ea d1 70 ed 9f 4d 40 74 97 04 51 7d 1e 0e d6 7e 3e 30 0a 06 08 2a 86 48 ce 3d 04 03 03 30 32 31 0b 30 ... 866 more bytes>,
      issuerCertificate: [Object]
    }
  },
  [Symbol(kMessage)]: "Hostname/IP does not match certificate's altnames: IP: 172.17.0.1 is not in the cert's list: "
}
1:09:24 PM [express] GET /api/admin/settings/budget_ads 500 in 20ms :: {"error":"Hostname/IP does no…
1:09:25 PM [express] HEAD /api/health 200 in 1ms
1:09:55 PM [express] HEAD /api/health 200 in 1ms
1:10:25 PM [express] HEAD /api/health 200 in 1ms
1:10:55 PM [express] HEAD /api/health 200 in 1ms
1:11:25 PM [express] HEAD /api/health 200 in 2ms
1:11:55 PM [express] HEAD /api/health 200 in 3ms
1:12:25 PM [express] HEAD /api/health 200 in 1ms
1:12:55 PM [express] HEAD /api/health 200 in 1ms
1:13:25 PM [express] HEAD /api/health 200 in 2ms
1:13:39 PM [express] GET /api/admin/verify 304 in 2ms :: {"valid":true}
1:13:40 PM [express] GET /api/admin/users 500 in 10ms :: {"error":"Hostname/IP does not match certif…
1:13:40 PM [express] GET /api/leads 500 in 7ms :: {"error":"Hostname/IP does not match certificate's…
1:13:55 PM [express] HEAD /api/health 200 in 1ms
1:14:25 PM [express] HEAD /api/health 200 in 1ms
1:14:55 PM [express] HEAD /api/health 200 in 3ms
1:15:26 PM [express] HEAD /api/health 200 in 1ms
1:15:56 PM [express] HEAD /api/health 200 in 2ms
1:16:26 PM [express] HEAD /api/health 200 in 1ms
1:16:56 PM [express] HEAD /api/health 200 in 1ms
1:17:26 PM [express] HEAD /api/health 200 in 2ms
1:17:56 PM [express] HEAD /api/health 200 in 2ms
1:18:26 PM [express] HEAD /api/health 200 in 2ms
sup_wescc@srvappsprod:/var/www/html/app-politicall$ 