[sudo] password for sup_wescc: 
Sorry, try again.
[sudo] password for sup_wescc: 
sup_wescc@srvappsprod:~$ sudo nano /etc/nginx/sites-available/politicall.conf
sup_wescc@srvappsprod:~$ sudo nginx -t && sudo systemctl reload nginx
nginx: the configuration file /etc/nginx/nginx.conf syntax is ok
nginx: configuration file /etc/nginx/nginx.conf test is successful
sup_wescc@srvappsprod:~$ sudo nginx -t && sudo systemctl reload nginx
nginx: the configuration file /etc/nginx/nginx.conf syntax is ok
nginx: configuration file /etc/nginx/nginx.conf test is successful
sup_wescc@srvappsprod:~$ sudo nginx -t && sudo systemctl reload nginx
nginx: the configuration file /etc/nginx/nginx.conf syntax is ok
nginx: configuration file /etc/nginx/nginx.conf test is successful
sup_wescc@srvappsprod:~$ sudo nginx -t && sudo systemctl reload nginx
nginx: the configuration file /etc/nginx/nginx.conf syntax is ok
nginx: configuration file /etc/nginx/nginx.conf test is successful
sup_wescc@srvappsprod:~$ sudo certbot --nginx -d politicall.peticoesbr.com.br
Saving debug log to /var/log/letsencrypt/letsencrypt.log
Certificate not yet due for renewal

You have an existing certificate that has exactly the same domains or certificate name you requested and isn't close to expiry.
(ref: /etc/letsencrypt/renewal/politicall.peticoesbr.com.br.conf)

What would you like to do?
- - - - - - - - - - - - - - - - - - - - - - - - - - - - - - - - - - - - - - - -
1: Attempt to reinstall this existing certificate
2: Renew & replace the certificate (may be subject to CA rate limits)
- - - - - - - - - - - - - - - - - - - - - - - - - - - - - - - - - - - - - - - -
Select the appropriate number [1-2] then [enter] (press 'c' to cancel): 1
Deploying certificate
Could not install certificate

NEXT STEPS:
- The certificate was saved, but could not be installed (installer: nginx). After fixing the error shown below, try installing it again by running:
  certbot install --cert-name politicall.peticoesbr.com.br

Could not automatically find a matching server block for politicall.peticoesbr.com.br. Set the `server_name` directive to use the Nginx installer.
Ask for help or search for solutions at https://community.letsencrypt.org. See the logfile /var/log/letsencrypt/letsencrypt.log or re-run Certbot with -v for more details.
sup_wescc@srvappsprod:~$ sudo certbot --nginx -d politicall.peticoesbr.com.br
Saving debug log to /var/log/letsencrypt/letsencrypt.log
Certificate not yet due for renewal

You have an existing certificate that has exactly the same domains or certificate name you requested and isn't close to expiry.
(ref: /etc/letsencrypt/renewal/politicall.peticoesbr.com.br.conf)

What would you like to do?
- - - - - - - - - - - - - - - - - - - - - - - - - - - - - - - - - - - - - - - -
1: Attempt to reinstall this existing certificate
2: Renew & replace the certificate (may be subject to CA rate limits)
- - - - - - - - - - - - - - - - - - - - - - - - - - - - - - - - - - - - - - - -
Select the appropriate number [1-2] then [enter] (press 'c' to cancel): 2
Renewing an existing certificate for politicall.peticoesbr.com.br

Successfully received certificate.
Certificate is saved at: /etc/letsencrypt/live/politicall.peticoesbr.com.br/fullchain.pem
Key is saved at:         /etc/letsencrypt/live/politicall.peticoesbr.com.br/privkey.pem
This certificate expires on 2026-03-27.
These files will be updated when the certificate renews.
Certbot has set up a scheduled task to automatically renew this certificate in the background.

Deploying certificate
Could not install certificate

NEXT STEPS:
- The certificate was saved, but could not be installed (installer: nginx). After fixing the error shown below, try installing it again by running:
  certbot install --cert-name politicall.peticoesbr.com.br

Could not automatically find a matching server block for politicall.peticoesbr.com.br. Set the `server_name` directive to use the Nginx installer.
Ask for help or search for solutions at https://community.letsencrypt.org. See the logfile /var/log/letsencrypt/letsencrypt.log or re-run Certbot with -v for more details.
sup_wescc@srvappsprod:~$ # Ver todos os arquivos de configuração ativos
ls -la /etc/nginx/sites-enabled/

# Ver se o peticoesbr.conf está capturando o tráfego
grep -r "politicall" /etc/nginx/sites-enabled/

# Verificar o conteúdo atual do politicall.conf
cat /etc/nginx/sites-enabled/politicall.conf

# Testar a configuração
sudo nginx -t
total 12
drwxr-xr-x 2 root root 4096 Dec 26 12:30 .
drwxr-xr-x 8 root root 4096 Dec 27 20:51 ..
lrwxrwxrwx 1 root root   42 Dec  2 20:08 peticoesbr.conf -> /etc/nginx/sites-available/peticoesbr.conf
-rw-r--r-- 1 root root  564 Dec 26 12:28 politicall.conf
server {
    listen 5001;
    server_name _;

    client_max_body_size 50M;
    client_body_buffer_size 10M;
    client_body_timeout 600s;
    send_timeout 600s;
    
    proxy_read_timeout 600s;
    proxy_connect_timeout 600s;
    proxy_send_timeout 600s;

    location / {
        proxy_pass http://127.0.0.1:5000;
        proxy_http_version 1.1;
        proxy_set_header Host $host;
        proxy_set_header X-Real-IP $remote_addr;
        proxy_set_header X-Forwarded-For $proxy_add_x_forwarded_for;
        proxy_set_header X-Forwarded-Proto $scheme;
    }
}
nginx: the configuration file /etc/nginx/nginx.conf syntax is ok
nginx: configuration file /etc/nginx/nginx.conf test is successful
sup_wescc@srvappsprod:~$ 